pos: 
9,17,_10,18, 44 20 
9,12,_10,13, 18 46 
12,17,_13,18, 24 67 
17,26,_18,27, 35 11 
17,26,_18,28, 20 14 
27,29,_28,30, 43 30 
29,34,_30,35, 47 17 
34,38,_36,39, 24 18 
35,38,_36,39, 22 6 
38,40,_39,41, 63 20 
40,42,_41,43, 41 20 
42,45,_43,46, 51 19 
45,47,_46,48, 54 23 
47,51,_49,52, 42 20 
51,53,_52,54, 42 32 
neg: 
uns: 
3,_5, 7 0 
3,_6, 29 12 
4,_6, 11 4 
4,_7, 17 2 
4,_8, 28 10 
5,_8, 32 7 
6,_8, 15 8 
7,_8, 51 74 
7,_9, 73 67 
7,_10, 37 41 
8,_10, 86 95 
9,_10, 392 412 
12,_13, 38 154 
17,_18, 145 148 
17,_19, 31 84 
18,_19, 341 863 
18,_20, 38 107 
19,_20, 50 138 
19,_21, 29 78 
20,_21, 106 232 
26,_28, 45 15 
27,_28, 23 8 
29,_30, 42 25 
34,_35, 147 54 
34,_36, 43 15 
38,_39, 8 4 
40,_41, 150 53 
42,_43, 141 58 
45,_46, 142 52 
47,_48, 179 67 
47,_49, 9 0 
51,_52, 286 101 
53,_54, 146 63 
53,_55, 87 39 
54,_55, 103 39 
54,_56, 100 39 
55,_56, 55 32 
55,_57, 97 35 
56,_57, 435 203 
initial state:
+,000000000000000000000000000000000000000000001101100101000,000000000000000000000000000101001000000000000000000000000, 0.000000
X=3356,900,108,0,3380,358,63,0,
L = 551,579,
0.5360 0.9358 0.6435 0.7548 0.1805 -28563.2132
ACCEPTANCE RATIO FOR LAMBDA=                    457/16000=0.0285625
ACCEPTANCE RATIO FOR EPSILON=                  168/4000=0.042
ACCEPTANCE RATIO FOR + TRANSCRIPTS = 0.0405
AR Propose Change 5SS = 0.0195865=18/919
AR Propose Change 3SS = 0.0181675=23/1266
AR Propose Add Center = 0.0222343=41/1844
AR Propose Remove Center = 0.0222997=32/1435
AR Propose Swap = 0.0904348=52/575
AR Propose Recombine = 0.033455=55/1644
ar_small_world=14/1187=0.0117944
last final state:
X=87,2246,902,1129,44,2430,363,964,
L = 1814,2315,
+,000000111100000001000000001101000011111011100111100000000,000111111100100001111000000000000000000000000101100101111, -7093.5223
0.6852 1.2586 0.2932 1.3909 0.0019 -7093.5223
source "/mnt/lustre/home/epantaleo/altra/scripts/utils.sh";output2summary /mnt/lustre/home/epantaleo/altra/test/../data/test/out_altra/ 399 2 0 chr11 448266.5,448267.5,448419.5,450279.5,450295.5,450326.5,450346.5,450353.5,450419.5,450450.5,450637.5,451351.5,451384.5,451493.5,458673.5,458860.5,459111.5,460186.5,460288.5,460760.5,460879.5,461051.5,462929.5,463041.5,463347.5,463899.5,473894.5,473919.5,473977.5,479084.5,479152.5,479445.5,480124.5,480594.5,486938.5,487053.5,487073.5,487238.5,487419.5,487470.5,488198.5,488312.5,488528.5,488647.5,489349.5,489399.5,489514.5,489587.5,489730.5,489733.5,489790.5,489882.5,490068.5,490419.5,490546.5,490642.5,490720.5,491000.5
ACCEPTANCE RATIO FOR LAMBDA=                    177/8000=0.022125
ACCEPTANCE RATIO FOR EPSILON=                  109/2000=0.0545
final state:buffer=+,000000111100000001000000001101000011111011100111100000000,000111111100100001111000000000000000000000000101100101111, -7090.9344

+,000000111100000001000000001101000011111011100111100000000,000111111100100001111000000000000000000000000101100101111, -7090.9344
1.2863 0.7243 1.4003 0.2780 0.0015 -7090.9344
X=87,902,2246,1129,44,363,2430,964,
L = 2315,1814,
